===================================================================
   DEADLOCK DETECTION USING RESOURCE ALLOCATION GRAPHS (MA3105)    
   Student: Udit | Roll Number: 2401MC07                           
===================================================================

+=====================================================================+
| SCENARIO: Scenario 1: Acyclic Wait-For Graph (Deadlock-Free)        |
+=====================================================================+

[1] Allocation Matrix (Resources held by each Process):
    Proc  |  R0   R1   R2 
    ------+------------------
     P0   |   1    0    0 
     P1   |   0    1    0 
     P2   |   0    0    1 
     P3   |   0    0    0 

[2] Request Matrix (Resources requested by each Process):
    Proc  |  R0   R1   R2 
    ------+------------------
     P0   |   0    1    0 
     P1   |   0    0    1 
     P2   |   0    0    0 
     P3   |   1    0    0 

[3] Wait-For Graph (WFG) Adjacency Matrix:
    Wait\Hold |  P0   P1   P2   P3 
    ----------+------------------------
       P0     |   0    1    0    0 
       P1     |   0    0    1    0 
       P2     |   0    0    0    0 
       P3     |   1    0    0    0 

[4] Active Dependency Wait Edges:
    * Process P0 is WAITING for Process P1
    * Process P1 is WAITING for Process P2
    * Process P3 is WAITING for Process P0

---------------------------------------------------------------------
[+] DIAGNOSIS: NO DEADLOCK DETECTED.
    The Wait-For Graph is strictly ACYCLIC (Topological sort possible).
    All processes can complete without entering circular wait.
---------------------------------------------------------------------

+=====================================================================+
| SCENARIO: Scenario 2: Cyclic Wait-For Graph with Circular Wait      |
+=====================================================================+

[1] Allocation Matrix (Resources held by each Process):
    Proc  |  R0   R1   R2   R3 
    ------+------------------------
     P0   |   1    0    0    0 
     P1   |   0    1    0    0 
     P2   |   0    0    1    0 
     P3   |   0    0    0    1 

[2] Request Matrix (Resources requested by each Process):
    Proc  |  R0   R1   R2   R3 
    ------+------------------------
     P0   |   0    1    0    0 
     P1   |   0    0    1    0 
     P2   |   1    0    0    0 
     P3   |   0    0    1    0 

[3] Wait-For Graph (WFG) Adjacency Matrix:
    Wait\Hold |  P0   P1   P2   P3 
    ----------+------------------------
       P0     |   0    1    0    0 
       P1     |   0    0    1    0 
       P2     |   1    0    0    0 
       P3     |   0    0    1    0 

[4] Active Dependency Wait Edges:
    * Process P0 is WAITING for Process P1
    * Process P1 is WAITING for Process P2
    * Process P2 is WAITING for Process P0
    * Process P3 is WAITING for Process P2

---------------------------------------------------------------------
[!] DIAGNOSIS: DEADLOCK DETECTED IN THE SYSTEM!
    Circular wait condition confirmed in the Wait-For Graph.
    Deadlocked Cycle Path: P0 -> P1 -> P2 -> P0
---------------------------------------------------------------------

===================================================================
 Deadlock Detection Simulation completed successfully.
===================================================================
