===================================================================
     BANKER'S ALGORITHM SIMULATION -- DEADLOCK AVOIDANCE (MA3105)   
     Student: Udit | Roll Number: 2401MC07                         
===================================================================

+=====================================================================+
| INITIAL SYSTEM STATE CONFIGURATION                                  |
+---------+-------------------+-------------------+-------------------+
| Process |    Allocation     |     Max Claim     |  Remaining Need   |
|         |   A     B     C   |   A     B     C   |   A     B     C   |
+---------+-------------------+-------------------+-------------------+
|   P0    |   0     1     0   |   7     5     3   |   7     4     3   |
|   P1    |   2     0     0   |   3     2     2   |   1     2     2   |
|   P2    |   3     0     2   |   9     0     2   |   6     0     0   |
|   P3    |   2     1     1   |   2     2     2   |   0     1     1   |
|   P4    |   0     0     2   |   4     3     3   |   4     3     1   |
+---------+-------------------+-------------------+-------------------+
| Available:  A = 3 , B = 3 , C = 2                                     |
+=====================================================================+

[*] Initial system state is confirmed SAFE.
[*] Found Safe Execution Sequence: < P1, P3, P4, P0, P2 >

-------------------------------------------------------------------
 SCENARIO 1: Process P1 requests [ 1, 0, 2 ]
-------------------------------------------------------------------
>>> Process P1 submits request: [ A=1, B=0, C=2 ]
[+] SUCCESS: Request can be GRANTED safely to P1.
    New Valid Safe Sequence: < P1, P3, P4, P0, P2 >

+=====================================================================+
| SYSTEM STATE AFTER SCENARIO 1 (P1 REQUEST)                          |
+---------+-------------------+-------------------+-------------------+
| Process |    Allocation     |     Max Claim     |  Remaining Need   |
|         |   A     B     C   |   A     B     C   |   A     B     C   |
+---------+-------------------+-------------------+-------------------+
|   P0    |   0     1     0   |   7     5     3   |   7     4     3   |
|   P1    |   3     0     2   |   3     2     2   |   0     2     0   |
|   P2    |   3     0     2   |   9     0     2   |   6     0     0   |
|   P3    |   2     1     1   |   2     2     2   |   0     1     1   |
|   P4    |   0     0     2   |   4     3     3   |   4     3     1   |
+---------+-------------------+-------------------+-------------------+
| Available:  A = 2 , B = 3 , C = 0                                     |
+=====================================================================+

-------------------------------------------------------------------
 SCENARIO 2: Process P0 requests [ 0, 2, 0 ]
-------------------------------------------------------------------
>>> Process P0 submits request: [ A=0, B=2, C=0 ]
[-] REJECTED: Granting request would result in an UNSAFE state!
    Rolling back tentative allocation for P0...

+=====================================================================+
| SYSTEM STATE AFTER SCENARIO 2 (P0 REQUEST REJECTED)                 |
+---------+-------------------+-------------------+-------------------+
| Process |    Allocation     |     Max Claim     |  Remaining Need   |
|         |   A     B     C   |   A     B     C   |   A     B     C   |
+---------+-------------------+-------------------+-------------------+
|   P0    |   0     1     0   |   7     5     3   |   7     4     3   |
|   P1    |   3     0     2   |   3     2     2   |   0     2     0   |
|   P2    |   3     0     2   |   9     0     2   |   6     0     0   |
|   P3    |   2     1     1   |   2     2     2   |   0     1     1   |
|   P4    |   0     0     2   |   4     3     3   |   4     3     1   |
+---------+-------------------+-------------------+-------------------+
| Available:  A = 2 , B = 3 , C = 0                                     |
+=====================================================================+

===================================================================
 Bankers Algorithm Simulation completed successfully.
===================================================================
